// Vitest Snapshot v1, https://vitest.dev/guide/snapshot.html

exports[`Test2 Component > renders magnificent monkeys 1`] = `"Click MeMagnificent Monkeys"`;
